
> frontend@0.0.0 build
> vite build

[36mvite v5.4.21 [32mbuilding for production...[36m[39m
transforming...
[32mΓ£ô[39m 1750 modules transformed.
npm : [31mx[39m Build failed in 5.07s
At line:1 char:1
+ npm run build > build_output.txt 2>&1
+ ~~~~~~~~~~~~~~~~~~~~~~~~~~~~~~~~~~~~~
    + CategoryInfo          : NotSpecified: ([31mx[39m Build failed in 5.07s:String) [], RemoteException
    + FullyQualifiedErrorId : NativeCommandError
 
[31merror during build:
[31msrc/components/ContactSection.jsx (3:9): "Instagram" is not exported by 
"node_modules/lucide-react/dist/esm/lucide-react.js", imported by "src/components/ContactSection.jsx".[31m
file: [36mC:/Users/imatu/OneDrive/Desktop/Portfolio/frontend/src/components/ContactSection.jsx:3:9[31m
[33m
1: import React, { useState } from 'react';
2: import './ContactSection.css';
3: import { Instagram, Github, Linkedin } from 'lucide-react';
            ^
4: 
5: const ContactSection = () => {
[31m
    at getRollupError 
(file:///C:/Users/imatu/OneDrive/Desktop/Portfolio/frontend/node_modules/rollup/dist/es/shared/parseAst.js:406:41)
    at error 
(file:///C:/Users/imatu/OneDrive/Desktop/Portfolio/frontend/node_modules/rollup/dist/es/shared/parseAst.js:402:42)
    at Module.error 
(file:///C:/Users/imatu/OneDrive/Desktop/Portfolio/frontend/node_modules/rollup/dist/es/shared/node-entry.js:17384:16)
    at Module.traceVariable 
(file:///C:/Users/imatu/OneDrive/Desktop/Portfolio/frontend/node_modules/rollup/dist/es/shared/node-entry.js:17817:29)
    at ModuleScope.findVariable 
(file:///C:/Users/imatu/OneDrive/Desktop/Portfolio/frontend/node_modules/rollup/dist/es/shared/node-entry.js:15407:39)
    at ReturnValueScope.findVariable 
(file:///C:/Users/imatu/OneDrive/Desktop/Portfolio/frontend/node_modules/rollup/dist/es/shared/node-entry.js:5676:38)
    at FunctionBodyScope.findVariable 
(file:///C:/Users/imatu/OneDrive/Desktop/Portfolio/frontend/node_modules/rollup/dist/es/shared/node-entry.js:5676:38)
    at Identifier.bind 
(file:///C:/Users/imatu/OneDrive/Desktop/Portfolio/frontend/node_modules/rollup/dist/es/shared/node-entry.js:5450:40)
    at CallExpression.bind 
(file:///C:/Users/imatu/OneDrive/Desktop/Portfolio/frontend/node_modules/rollup/dist/es/shared/node-entry.js:2828:28)
    at CallExpression.bind (file:///C:/Users/imatu/OneDrive/Desktop/Portfolio/frontend/node_modules/rollup/dist/es/shar
ed/node-entry.js:12516:15)[39m
